---
source: src/tests/cases/ui.rs
expression: "&terminal_draw_events_mirror[1]"
---
                              95Bps                                                                                                                                                           
                                                                                                                                                                                              
                                                                                                                                                                                              
                                                                                                                                                                                              
 3                                                   1                     0Bps / 51Bps         <interface_name>:443 => 1.1.1.1:12346 (tcp)         3                     0Bps / 51Bps        
 1                                                   1                     0Bps / 44Bps         <interface_name>:443 => 1.1.1.1:12345 (tcp)         1                     0Bps / 44Bps        
                                                                                                                                                                                              
                                                                                                                                                                                              
                                                                                                                                                                                              
                                                                                                                                                                                              
                                                                                                                                                                                              
                                                                                                                                                                                              
                                                                                                                                                                                              
                                                                                                                                                                                              
                                                                                                                                                                                              
                                                                                                                                                                                              
                                                                                                                                                                                              
                                                                                                                                                                                              
                                                                                                                                                                                              
                                                                                                                                                                                              
                                                                                                                                                                                              
                                                                                                                                                                                              
                                                                                                                                                                                              
                                                                                                                                                                                              
                                                                                                                                                                                              
                                                                                                                                                                                              
                                                                                                                                                                                              
                                                                                                                                                                                              
                                                                                                1.1.1.1                                             2                     0Bps / 95Bps        
                                                                                                                                                                                              
                                                                                                                                                                                              
                                                                                                                                                                                              
                                                                                                                                                                                              
                                                                                                                                                                                              
                                                                                                                                                                                              
                                                                                                                                                                                              
                                                                                                                                                                                              
                                                                                                                                                                                              
                                                                                                                                                                                              
                                                                                                                                                                                              
                                                                                                                                                                                              
                                                                                                                                                                                              
                                                                                                                                                                                              
                                                                                                                                                                                              
                                                                                                                                                                                              
                                                                                                                                                                                              
                                                                                                                                                                                              
                                                                                                                                                                                              
                                                                                                                                                                                              
                                                                                                                                                                                              

